#-----------------------------------------------------------
# Vivado v2024.1 (64-bit)
# SW Build 5076996 on Wed May 22 18:37:14 MDT 2024
# IP Build 5075265 on Wed May 22 21:45:21 MDT 2024
# SharedData Build 5076995 on Wed May 22 18:29:18 MDT 2024
# Start of session at: Thu Aug 28 16:43:21 2025
# Process ID: 23972
# Current directory: C:/Users/dilara e/OneDrive/Desktop/CS2-1/CS223/project_1
# Command line: vivado.exe -gui_launcher_event rodinguilauncherevent4440 C:\Users\dilara e\OneDrive\Desktop\CS2-1\CS223\project_1\project_1.xpr
# Log file: C:/Users/dilara e/OneDrive/Desktop/CS2-1/CS223/project_1/vivado.log
# Journal file: C:/Users/dilara e/OneDrive/Desktop/CS2-1/CS223/project_1\vivado.jou
# Running On        :DESKTOP-R9N8B0C
# Platform          :Windows Server 2016 or Windows 10
# Operating System  :19045
# Processor Detail  :11th Gen Intel(R) Core(TM) i5-11400H @ 2.70GHz
# CPU Frequency     :2688 MHz
# CPU Physical cores:6
# CPU Logical cores :12
# Host memory       :16888 MB
# Swap memory       :15639 MB
# Total Virtual     :32528 MB
# Available Virtual :4325 MB
#-----------------------------------------------------------
start_gui
open_project {C:/Users/dilara e/OneDrive/Desktop/CS2-1/CS223/project_1/project_1.xpr}
